7 0x140001000
0 0x140002000
0 0x1400021a0
0 0x1400021c8
0 0x1400021ca
0 0x1400021cc
0 0x1400021ce
0 0x140002210
0 0x140002212
0 0x140002214
0 0x140002216
0 0x140002218
0 0x14000221a
0 0x14000221c
0 0x14000221e
0 0x140002220
0 0x140002222
0 0x140002224
0 0x140002226
0 0x140002228
0 0x14000222a
0 0x14000222c
0 0x14000222e
2 0x140002400
0 0x140002402
6 0x140002404
0 0x14000240a
2 0x14000240c
0 0x14000240e
3 0x140002410
2 0x140002413
0 0x140002415
2 0x140002417
2 0x140002419
6 0x14000241b
2 0x140002421
6 0x140002423
2 0x140002429
2 0x14000242b
5 0x14000242d
0 0x140002432
2 0x140002434
0 0x140002436
2 0x140002438
0 0x14000243a
2 0x14000243c
0 0x14000243e
3 0x140002440
7 0x140002443
0 0x14000244a
2 0x14000244c
0 0x14000244e
2 0x140002450
0 0x140002452
3 0x140002454
2 0x140002457
2 0x140002459
2 0x14000245b
5 0x14000245d
0 0x140002462
0 0x140002464
0 0x140002466
3 0x140002468
0 0x14000246b
0 0x1400024a4
0 0x1400024a6
5 0x1400024a8
0 0x1400024ad
0 0x1400024af
0 0x1400024b1
3 0x1400024b3
0 0x1400024b6
3 0x1400024b8
1 0x1400024bb
2 0x1400024bd
2 0x1400024bf
0 0x1400024c1
2 0x1400024c3
2 0x1400024c5
2 0x1400024c7
2 0x1400024c9
2 0x1400024cb
3 0x1400024cd
2 0x1400024d0
1 0x1400024d2
0 0x1400024d4
0 0x1400024d6
2 0x1400024d8
0 0x1400024da
6 0x1400024dc
3 0x1400024e2
2 0x1400024e5
1 0x1400024e7
0 0x1400024e9
2 0x1400024eb
5 0x1400024ed
0 0x1400024f2
3 0x1400024f4
2 0x1400024f7
2 0x1400024f9
1 0x1400024fb
2 0x1400024fd
2 0x1400024ff
0 0x140002501
2 0x140002503
0 0x140002505
2 0x140002507
2 0x140002509
2 0x14000250b
2 0x14000250d
0 0x14000250f
2 0x140002511
6 0x140002513
8 0x140002519
0 0x140002521
6 0x140002523
0 0x140002529
2 0x14000252b
2 0x14000252d
3 0x14000252f
0 0x140002532
2 0x140002534
0 0x140002536
2 0x140002538
0 0x14000253a
3 0x14000253c
1 0x14000253f
1 0x140002541
3 0x140002543
0 0x140002546
2 0x140002548
0 0x14000254a
2 0x14000254c
0 0x14000254e
3 0x140002550
1 0x140002553
1 0x140002555
4 0x140002557
2 0x14000255b
2 0x14000255d
2 0x14000255f
0 0x140002561
2 0x140002563
2 0x140002565
1 0x140002567
1 0x140002569
1 0x14000256b
0 0x14000256d
2 0x14000256f
2 0x140002571
2 0x140002573
0 0x140002575
2 0x140002577
2 0x140002579
1 0x14000257b
1 0x14000257d
3 0x14000257f
0 0x140002582
1 0x140002584
0 0x140002586
2 0x140002588
0 0x14000258a
3 0x14000258c
1 0x14000258f
1 0x140002591
4 0x140002593
0 0x140002597
2 0x140002599
2 0x14000259b
0 0x14000259d
2 0x14000259f
2 0x1400025a1
1 0x1400025a3
1 0x1400025a5
4 0x1400025a7
2 0x1400025ab
2 0x1400025ad
2 0x1400025af
0 0x1400025b1
2 0x1400025b3
2 0x1400025b5
1 0x1400025b7
1 0x1400025b9
1 0x1400025bb
0 0x1400025bd
2 0x1400025bf
2 0x1400025c1
2 0x1400025c3
0 0x1400025c5
2 0x1400025c7
2 0x1400025c9
1 0x1400025cb
1 0x1400025cd
3 0x1400025cf
0 0x1400025d2
2 0x1400025d4
0 0x1400025d6
2 0x1400025d8
0 0x1400025da
3 0x1400025dc
1 0x1400025df
1 0x1400025e1
1 0x1400025e3
0 0x1400025e5
2 0x1400025e7
2 0x1400025e9
2 0x1400025eb
0 0x1400025ed
2 0x1400025ef
2 0x1400025f1
1 0x1400025f3
1 0x1400025f5
3 0x1400025f7
0 0x1400025fa
2 0x1400025fc
0 0x1400025fe
2 0x140002600
0 0x140002602
3 0x140002604
1 0x140002607
1 0x140002609
1 0x14000260b
0 0x14000260d
2 0x14000260f
2 0x140002611
2 0x140002613
2 0x140002615
2 0x140002617
2 0x140002619
0 0x14000261b
0 0x14000261d
0 0x14000261f
2 0x140002621
4 0x140002623
2 0x140002627
2 0x140002629
0 0x14000262b
0 0x14000262d
2 0x14000262f
1 0x140002631
1 0x140002633
0 0x140002635
4 0x140002637
2 0x14000263b
2 0x14000263d
2 0x14000263f
2 0x140002641
0 0x140002643
0 0x140002645
2 0x140002647
2 0x140002649
0 0x14000264b
0 0x14000264d
3 0x14000264f
0 0x140002652
2 0x140002654
0 0x140002656
3 0x140002658
3 0x14000265b
4 0x14000265e
0 0x140002662
0 0x140002664
0 0x140002666
2 0x140002668
0 0x14000266a
3 0x14000266c
3 0x14000266f
1 0x140002672
0 0x140002674
0 0x140002676
5 0x140002678
0 0x14000267d
2 0x14000267f
2 0x140002681
3 0x140002683
4 0x140002686
0 0x14000268a
2 0x14000268c
0 0x14000268e
2 0x140002690
0 0x140002692
3 0x140002694
3 0x140002697
1 0x14000269a
0 0x14000269c
0 0x14000269e
2 0x1400026a0
0 0x1400026a2
1 0x1400026a4
0 0x1400026a6
3 0x1400026a8
0 0x1400026ab
0 0x1400026ad
2 0x1400026af
2 0x1400026b1
6 0x1400026b3
8 0x1400026b9
0 0x1400026c1
4 0x1400026c3
3 0x1400026c7
0 0x1400026ca
9 0x1400026cc
0 0x1400026d5
6 0x1400026d7
2 0x1400026dd
2 0x1400026df
8 0x1400026e1
0 0x1400026e9
2 0x1400026eb
2 0x1400026ed
3 0x1400026ef
0 0x1400026f2
9 0x1400026f4
0 0x1400026fd
0 0x1400026ff
2 0x140002701
6 0x140002703
0 0x140002709
2 0x14000270b
0 0x14000270d
6 0x14000270f
0 0x140002715
2 0x140002717
0 0x140002719
2 0x14000271b
0 0x14000271d
0 0x14000271f
3 0x140002721
1 0x140002724
0 0x140002726
3 0x140002728
0 0x14000272b
0 0x14000272d
0 0x14000272f
1 0x140002731
3 0x140002733
0 0x140002736
3 0x140002738
2 0x14000273b
2 0x14000273d
2 0x14000273f
0 0x140002741
3 0x140002743
0 0x140002746
1 0x140002748
2 0x14000274a
3 0x14000274c
2 0x14000274f
2 0x140002751
2 0x140002753
0 0x140002755
0 0x140002757
0 0x140002759
0 0x14000275b
0 0x14000275d
0 0x14000275f
0 0x140002761
0 0x140002763
0 0x140002765
0 0x140002767
0 0x140002769
0 0x14000276b
0 0x14000276d
0 0x14000276f
0 0x140002771
0 0x140002773
0 0x140002775
0 0x140002777
0 0x140003000
0 0x140003048
0 0x14000304a
0 0x1400030a0
0 0x1400030a2
0 0x1400030a4
0 0x1400030a6
0 0x1400030a8
0 0x1400030aa
0 0x1400030ac
0 0x1400030ae
0 0x1400030b0
0 0x1400030b2
0 0x1400030b4
0 0x1400030b6
0 0x1400030b8
0 0x1400030ba
0 0x1400030bc
0 0x1400030be
0 0x1400030c0
0 0x1400030c2
0 0x1400030c4
0 0x1400030c6
0 0x1400030c8
0 0x1400030ca
0 0x1400030cc
0 0x1400030ce
0 0x1400030d0
0 0x1400030d2
0 0x1400030d4
0 0x1400030d6
0 0x1400030d8
0 0x1400030da
0 0x1400030dc
0 0x1400030de
0 0x1400030e0
0 0x1400030e2
0 0x1400030e4
0 0x1400030e6
0 0x1400030e8
0 0x1400030ea
0 0x1400030ec
0 0x1400030ee
0 0x1400030f0
0 0x1400030f2
0 0x1400030f4
0 0x1400030f6
0 0x1400030f8
0 0x1400030fa
0 0x1400030fc
0 0x1400030fe
0 0x140003100
0 0x140003102
0 0x140003104
0 0x140003106
0 0x140003108
0 0x14000310a
0 0x14000310c
0 0x14000310e
0 0x140003110
0 0x140003112
0 0x140003114
0 0x140003116
0 0x140003118
0 0x14000311a
0 0x14000311c
0 0x14000311e
0 0x140003640
0 0x140003642
0 0x140003644
0 0x140003646
0 0x140003648
0 0x14000364a
0 0x14000364c
0 0x14000364e
0 0x140003650
0 0x140003652
0 0x140003654
0 0x140003656
0 0x140003658
0 0x14000365a
0 0x14000365c
0 0x14000365e
0 0x140003670
0 0x140003672
0 0x140003674
0 0x140003676
0 0x140003678
0 0x14000367a
0 0x14000367c
0 0x14000367e
0 0x140003680
0 0x140003682
0 0x140003684
0 0x140003686
0 0x140003688
0 0x14000368a
0 0x14000368c
0 0x14000368e
0 0x140003690
0 0x140003692
0 0x140003694
0 0x140003696
0 0x140003698
0 0x14000369a
0 0x14000369c
0 0x14000369e
0 0x1400036a0
0 0x1400036a2
0 0x1400036a4
0 0x1400036a6
0 0x1400036a8
0 0x1400036aa
0 0x1400036ac
0 0x1400036ae
0 0x1400036b0
0 0x1400036b2
0 0x1400036b4
0 0x1400036b6
0 0x1400036b8
0 0x1400036ba
0 0x1400036bc
0 0x1400036be
0 0x1400036c0
0 0x1400036c2
0 0x1400036c4
0 0x1400036c6
0 0x1400036c8
0 0x1400036ca
0 0x1400036cc
0 0x1400036ce
0 0x1400036d0
0 0x1400036d2
0 0x1400036d4
0 0x1400036d6
0 0x1400036d8
0 0x1400036da
0 0x1400036dc
0 0x1400036de
0 0x1400036e0
0 0x1400036e2
0 0x1400036e4
0 0x1400036e6
0 0x1400036e8
0 0x1400036ea
0 0x1400036ec
0 0x1400036ee
0 0x1400036f0
0 0x1400036f2
0 0x1400036f4
0 0x1400036f6
0 0x1400036f8
0 0x1400036fa
0 0x1400036fc
0 0x1400036fe
0 0x140003700
0 0x140003702
0 0x140003704
0 0x140003706
0 0x140003708
0 0x14000370a
0 0x14000370c
0 0x14000370e
0 0x140003710
0 0x140003712
0 0x140003714
0 0x140003716
0 0x140003718
0 0x14000371a
0 0x14000371c
0 0x14000371e
0 0x140003720
0 0x140003722
0 0x140003724
0 0x140003726
0 0x140003728
0 0x14000372a
0 0x14000372c
0 0x14000372e
0 0x140003730
0 0x140003732
0 0x140003734
0 0x140003736
0 0x140003738
0 0x14000373a
0 0x14000373c
0 0x14000373e
0 0x140003740
0 0x140003742
0 0x140003744
0 0x140003746
0 0x140003748
0 0x14000374a
0 0x14000374c
0 0x14000374e
0 0x140003750
0 0x140003752
0 0x140003754
0 0x140003756
0 0x140003758
0 0x14000375a
0 0x14000375c
0 0x14000375e
0 0x140003760
0 0x140003762
0 0x140003764
0 0x140003766
0 0x140003768
0 0x14000376a
0 0x14000376c
0 0x14000376e
0 0x140003770
0 0x140003772
0 0x140003774
0 0x140003776
0 0x140003778
0 0x14000377a
0 0x14000377c
0 0x14000377e
0 0x140003780
0 0x140003782
0 0x140003784
0 0x140003786
0 0x140003788
0 0x14000378a
0 0x14000378c
0 0x14000378e
0 0x140003790
0 0x140003792
0 0x140003794
0 0x140003796
0 0x140003798
0 0x14000379a
0 0x14000379c
0 0x14000379e
0 0x1400037a0
0 0x1400037a2
0 0x1400037a4
0 0x1400037a6
0 0x1400037a8
0 0x1400037aa
0 0x1400037ac
0 0x1400037ae
0 0x1400037b0
0 0x1400037b2
0 0x1400037b4
0 0x1400037b6
0 0x1400037b8
0 0x1400037ba
0 0x1400037bc
0 0x1400037be
0 0x1400037c0
0 0x1400037c2
0 0x1400037c4
0 0x1400037c6
0 0x1400037c8
0 0x1400037ca
0 0x1400037cc
0 0x1400037ce
0 0x1400037d0
0 0x1400037d2
0 0x1400037d4
0 0x1400037d6
0 0x1400037d8
0 0x1400037da
0 0x1400037dc
0 0x1400037de
0 0x1400037e0
0 0x1400037e2
0 0x1400037e4
0 0x1400037e6
0 0x1400037e8
0 0x1400037ea
0 0x1400037ec
0 0x1400037ee
0 0x1400037f0
0 0x1400037f2
0 0x1400037f4
0 0x1400037f6
0 0x1400037f8
0 0x1400037fa
0 0x1400037fc
0 0x1400037fe
0 0x140003800
0 0x140003802
0 0x140003804
0 0x140003806
0 0x140003808
0 0x14000380a
0 0x14000380c
0 0x14000380e
0 0x140003810
0 0x140003812
0 0x140003814
0 0x140003816
0 0x140003818
0 0x14000381a
0 0x14000381c
0 0x14000381e
0 0x140003820
0 0x140003822
0 0x140003824
0 0x140003826
0 0x140003828
0 0x14000382a
0 0x14000382c
0 0x14000382e
0 0x140003830
0 0x140003832
0 0x140003834
0 0x140003836
0 0x140003838
0 0x14000383a
0 0x14000383c
0 0x14000383e
0 0x140003840
0 0x140003842
0 0x140003844
0 0x140003846
0 0x140003848
0 0x14000384a
0 0x14000384c
0 0x14000384e
0 0x140003850
0 0x140003852
0 0x140003854
0 0x140003856
0 0x140003858
0 0x14000385a
0 0x14000385c
0 0x14000385e
0 0x140003860
0 0x140003862
0 0x140003864
0 0x140003866
0 0x140003868
0 0x14000386a
0 0x14000386c
0 0x14000386e
0 0x140003870
0 0x140003872
0 0x140003874
0 0x140003876
0 0x140003878
0 0x14000387a
0 0x14000387c
0 0x14000387e
0 0x140003880
0 0x140003882
0 0x140003884
0 0x140003886
0 0x140003888
0 0x14000388a
0 0x14000388c
0 0x14000388e
0 0x140003890
0 0x140003892
0 0x140003894
0 0x140003896
0 0x140003898
0 0x14000389a
0 0x14000389c
0 0x14000389e
0 0x1400038a0
0 0x1400038a2
0 0x1400038a4
0 0x1400038a6
0 0x1400038a8
0 0x1400038aa
0 0x1400038ac
0 0x1400038ae
0 0x1400038b0
0 0x1400038b2
0 0x1400038b4
0 0x1400038b6
0 0x1400038b8
0 0x1400038ba
0 0x1400038bc
0 0x1400038be
0 0x1400038c0
0 0x1400038c2
0 0x1400038c4
0 0x1400038c6
0 0x1400038c8
0 0x1400038ca
0 0x1400038cc
0 0x1400038ce
0 0x1400038d0
0 0x1400038d2
0 0x1400038d4
0 0x1400038d6
0 0x1400038d8
0 0x1400038da
0 0x1400038dc
0 0x1400038de
0 0x1400038e0
0 0x1400038e2
0 0x1400038e4
0 0x1400038e6
0 0x1400038e8
0 0x1400038ea
0 0x1400038ec
0 0x1400038ee
0 0x1400038f0
0 0x1400038f2
0 0x1400038f4
0 0x1400038f6
0 0x1400038f8
0 0x1400038fa
0 0x1400038fc
0 0x1400038fe
0 0x140003900
0 0x140003902
0 0x140003904
0 0x140003906
0 0x140003908
0 0x14000390a
0 0x14000390c
0 0x14000390e
0 0x140003910
0 0x140003912
0 0x140003914
0 0x140003916
0 0x140003918
0 0x14000391a
0 0x14000391c
0 0x14000391e
0 0x140003920
0 0x140003922
0 0x140003924
0 0x140003926
0 0x140003928
0 0x14000392a
0 0x14000392c
0 0x14000392e
0 0x140003930
0 0x140003932
0 0x140003934
0 0x140003936
0 0x140003938
0 0x14000393a
0 0x14000393c
0 0x14000393e
0 0x140003940
0 0x140003942
0 0x140003944
0 0x140003946
0 0x140003948
0 0x14000394a
0 0x14000394c
0 0x14000394e
0 0x140003950
0 0x140003952
0 0x140003954
0 0x140003956
0 0x140003958
0 0x14000395a
0 0x14000395c
0 0x14000395e
0 0x140003960
0 0x140003962
0 0x140003964
0 0x140003966
0 0x140003968
0 0x14000396a
0 0x14000396c
0 0x14000396e
0 0x140003970
0 0x140003972
0 0x140003974
0 0x140003976
0 0x140003978
0 0x14000397a
0 0x14000397c
0 0x14000397e
0 0x140003980
0 0x140003982
0 0x140003984
0 0x140003986
0 0x140003988
0 0x14000398a
0 0x14000398c
0 0x14000398e
0 0x140003990
0 0x140003992
0 0x140003994
0 0x140003996
0 0x140003998
0 0x14000399a
0 0x14000399c
0 0x14000399e
0 0x1400039a0
0 0x1400039a2
0 0x1400039a4
0 0x1400039a6
0 0x1400039a8
0 0x1400039aa
0 0x1400039ac
0 0x1400039ae
0 0x1400039b0
0 0x1400039b2
0 0x1400039b4
0 0x1400039b6
0 0x1400039b8
0 0x1400039ba
0 0x1400039bc
0 0x1400039be
0 0x1400039c0
0 0x1400039c2
0 0x1400039c4
0 0x1400039c6
0 0x1400039c8
0 0x1400039ca
0 0x1400039cc
0 0x1400039ce
0 0x1400039d0
0 0x1400039d2
0 0x1400039d4
0 0x1400039d6
0 0x1400039d8
0 0x1400039da
0 0x1400039dc
0 0x1400039de
0 0x1400039e0
0 0x1400039e2
0 0x1400039e4
0 0x1400039e6
0 0x1400039e8
0 0x1400039ea
0 0x1400039ec
0 0x1400039ee
0 0x1400039f0
0 0x1400039f2
0 0x1400039f4
0 0x1400039f6
0 0x1400039f8
0 0x1400039fa
0 0x1400039fc
0 0x1400039fe
0 0x140003a00
0 0x140003a02
0 0x140003a04
0 0x140003a06
0 0x140003a08
0 0x140003a0a
0 0x140003a0c
0 0x140003a0e
0 0x140003a10
0 0x140003a12
0 0x140003a14
0 0x140003a16
0 0x140003a18
0 0x140003a1a
0 0x140003a1c
0 0x140003a1e
0 0x140003a20
0 0x140003a22
0 0x140003a24
0 0x140003a26
0 0x140003a28
0 0x140003a2a
0 0x140003a2c
0 0x140003a2e
0 0x140003a30
0 0x140003a32
0 0x140003a34
0 0x140003a36
0 0x140003a38
0 0x140003a3a
0 0x140003a3c
0 0x140003a3e
0 0x140003a40
0 0x140003a42
0 0x140003a44
0 0x140003a46
0 0x140003a48
0 0x140003a4a
0 0x140003a4c
0 0x140003a4e
0 0x140003a50
0 0x140003a52
0 0x140003a54
0 0x140003a56
0 0x140003a58
0 0x140003a5a
0 0x140003a5c
0 0x140003a5e
0 0x140003a60
0 0x140003a62
0 0x140003a64
0 0x140003a66
0 0x140003a68
0 0x140003a6a
0 0x140003a6c
0 0x140003a6e
0 0x140003a70
0 0x140003a72
0 0x140003a74
0 0x140003a76
0 0x140003a78
0 0x140003a7a
0 0x140003a7c
0 0x140003a7e
0 0x140003a80
0 0x140003a82
0 0x140003a84
0 0x140003a86
0 0x140003a88
0 0x140003a8a
0 0x140003a8c
0 0x140003a8e
0 0x140003a90
0 0x140003a92
0 0x140003a94
0 0x140003a96
0 0x140003a98
0 0x140003a9a
0 0x140003a9c
0 0x140003a9e
0 0x140003aa0
0 0x140003aa2
0 0x140003aa4
0 0x140003aa6
0 0x140003aa8
0 0x140003aaa
0 0x140003aac
0 0x140003aae
0 0x140003ab0
0 0x140003ab2
0 0x140003ab4
0 0x140003ab6
0 0x140003ab8
0 0x140003aba
0 0x140003abc
0 0x140003abe
0 0x140003ac0
0 0x140003ac2
0 0x140003ac4
0 0x140003ac6
0 0x140003ac8
0 0x140003aca
0 0x140003acc
0 0x140003ace
0 0x140003ad0
0 0x140003ad2
0 0x140003ad4
0 0x140003ad6
0 0x140003ad8
0 0x140003ada
0 0x140003adc
0 0x140003ade
0 0x140003ae0
0 0x140003ae2
0 0x140003ae4
0 0x140003ae6
0 0x140003ae8
0 0x140003aea
0 0x140003aec
0 0x140003aee
0 0x140003af0
0 0x140003af2
0 0x140003af4
0 0x140003af6
0 0x140003af8
0 0x140003afa
0 0x140003afc
0 0x140003afe
0 0x140003b00
0 0x140003b02
0 0x140003b04
0 0x140003b06
0 0x140003b08
0 0x140003b0a
0 0x140003b0c
0 0x140003b0e
0 0x140003b10
0 0x140003b12
0 0x140003b14
0 0x140003b16
0 0x140003b18
0 0x140003b1a
0 0x140003b1c
0 0x140003b1e
0 0x140003b20
0 0x140003b22
0 0x140003b24
0 0x140003b26
0 0x140003b28
0 0x140003b2a
0 0x140003b2c
0 0x140003b2e
0 0x140003b30
0 0x140003b32
0 0x140003b34
0 0x140003b36
0 0x140003b38
0 0x140003b3a
0 0x140003b3c
0 0x140003b3e
0 0x140003b40
0 0x140003b42
0 0x140003b44
0 0x140003b46
0 0x140003b48
0 0x140003b4a
0 0x140003b4c
0 0x140003b4e
0 0x140003b50
0 0x140003b52
0 0x140003b54
0 0x140003b56
0 0x140003b58
0 0x140003b5a
0 0x140003b5c
0 0x140003b5e
0 0x140003b60
0 0x140003b62
0 0x140003b64
0 0x140003b66
0 0x140003b68
0 0x140003b6a
0 0x140003b6c
0 0x140003b6e
0 0x140003b70
0 0x140003b72
0 0x140003b74
0 0x140003b76
0 0x140003b78
0 0x140003b7a
0 0x140003b7c
0 0x140003b7e
0 0x140003b80
0 0x140003b82
0 0x140003b84
0 0x140003b86
0 0x140003b88
0 0x140003b8a
0 0x140003b8c
0 0x140003b8e
0 0x140003b90
0 0x140003b92
0 0x140003b94
0 0x140003b96
0 0x140003b98
0 0x140003b9a
0 0x140003b9c
0 0x140003b9e
0 0x140003ba0
0 0x140003ba2
0 0x140003ba4
0 0x140003ba6
0 0x140003ba8
0 0x140003baa
0 0x140003bac
0 0x140003bae
0 0x140003bb0
0 0x140003bb2
0 0x140003bb4
0 0x140003bb6
0 0x140003bb8
0 0x140003bba
0 0x140003bbc
0 0x140003bbe
0 0x140003bc0
0 0x140003bc2
0 0x140003bc4
0 0x140003bc6
0 0x140003bc8
0 0x140003bca
0 0x140003bcc
0 0x140003bce
0 0x140003bd0
0 0x140003bd2
0 0x140003bd4
0 0x140003bd6
0 0x140003bd8
0 0x140003bda
0 0x140003bdc
0 0x140003bde
0 0x140003be0
0 0x140003be2
0 0x140003be4
0 0x140003be6
0 0x140003be8
0 0x140003bea
0 0x140003bec
0 0x140003bee
0 0x140003bf0
0 0x140003bf2
0 0x140003bf4
0 0x140003bf6
0 0x140003bf8
0 0x140003bfa
0 0x140003bfc
0 0x140003bfe
0 0x140003c00
0 0x140003c02
0 0x140003c04
0 0x140003c06
0 0x140003c08
0 0x140003c0a
0 0x140003c0c
0 0x140003c0e
0 0x140003c10
0 0x140003c12
0 0x140003c14
0 0x140003c16
0 0x140003c18
0 0x140003c1a
0 0x140003c1c
0 0x140003c1e
0 0x140003c20
0 0x140003c22
0 0x140003c24
0 0x140003c26
0 0x140003c28
0 0x140003c2a
0 0x140003c2c
0 0x140003c2e
0 0x140003c30
0 0x140003c32
0 0x140003c34
0 0x140003c36
0 0x140003c38
0 0x140003c3a
0 0x140003c3c
0 0x140003c3e
0 0x140003c40
0 0x140003c42
0 0x140003c44
0 0x140003c46
0 0x140003c48
0 0x140003c4a
0 0x140003c4c
0 0x140003c4e
0 0x140003c50
0 0x140003c52
0 0x140003c54
0 0x140003c56
0 0x140003c58
0 0x140003c5a
0 0x140003c5c
0 0x140003c5e
0 0x140003c60
0 0x140003c62
0 0x140003c64
0 0x140003c66
0 0x140003c68
0 0x140003c6a
0 0x140003c6c
0 0x140003c6e
0 0x140003c70
0 0x140003c72
0 0x140003c74
0 0x140003c76
0 0x140003c78
0 0x140003c7a
0 0x140003c7c
0 0x140003c7e
0 0x140003c80
0 0x140003c82
0 0x140003c84
0 0x140003c86
0 0x140003c88
0 0x140003c8a
0 0x140003c8c
0 0x140003c8e
0 0x140003c90
0 0x140003c92
0 0x140003c94
0 0x140003c96
0 0x140003c98
0 0x140003c9a
0 0x140003c9c
0 0x140003c9e
0 0x140003ca0
0 0x140003ca2
0 0x140003ca4
0 0x140003ca6
0 0x140003ca8
0 0x140003caa
0 0x140003cac
0 0x140003cae
0 0x140003cb0
0 0x140003cb2
0 0x140003cb4
0 0x140003cb6
0 0x140003cb8
0 0x140003cba
0 0x140003cbc
0 0x140003cbe
0 0x140003cc0
0 0x140003cc2
0 0x140003cc4
0 0x140003cc6
0 0x140003cc8
0 0x140003cca
0 0x140003ccc
0 0x140003cce
0 0x140003cd0
0 0x140003cd2
0 0x140003cd4
0 0x140003cd6
0 0x140003cd8
0 0x140003cda
0 0x140003cdc
0 0x140003cde
0 0x140003ce0
0 0x140003ce2
0 0x140003ce4
0 0x140003ce6
0 0x140003ce8
0 0x140003cea
0 0x140003cec
0 0x140003cee
0 0x140003cf0
0 0x140003cf2
0 0x140003cf4
0 0x140003cf6
0 0x140003cf8
0 0x140003cfa
0 0x140003cfc
0 0x140003cfe
0 0x140003d00
0 0x140003d02
0 0x140003d04
0 0x140003d06
0 0x140003d08
0 0x140003d0a
0 0x140003d0c
0 0x140003d0e
0 0x140003d10
0 0x140003d12
0 0x140003d14
0 0x140003d16
0 0x140003d18
0 0x140003d1a
0 0x140003d1c
0 0x140003d1e
0 0x140003d20
0 0x140003d22
0 0x140003d24
0 0x140003d26
0 0x140003d28
0 0x140003d2a
0 0x140003d2c
0 0x140003d2e
0 0x140003d30
0 0x140003d32
0 0x140003d34
0 0x140003d36
0 0x140003d38
0 0x140003d3a
0 0x140003d3c
0 0x140003d3e
0 0x140003d40
0 0x140003d42
0 0x140003d44
0 0x140003d46
0 0x140003d48
0 0x140003d4a
0 0x140003d4c
0 0x140003d4e
0 0x140003d50
0 0x140003d52
0 0x140003d54
0 0x140003d56
0 0x140003d58
0 0x140003d5a
0 0x140003d5c
0 0x140003d5e
0 0x140003d60
0 0x140003d62
0 0x140003d64
0 0x140003d66
0 0x140003d68
0 0x140003d6a
0 0x140003d6c
0 0x140003d6e
0 0x140003d70
0 0x140003d72
0 0x140003d74
0 0x140003d76
0 0x140003d78
0 0x140003d7a
0 0x140003d7c
0 0x140003d7e
0 0x140003d80
0 0x140003d82
0 0x140003d84
0 0x140003d86
0 0x140003d88
0 0x140003d8a
0 0x140003d8c
0 0x140003d8e
0 0x140003d90
0 0x140003d92
0 0x140003d94
0 0x140003d96
0 0x140003d98
0 0x140003d9a
0 0x140003d9c
0 0x140003d9e
0 0x140003da0
0 0x140003da2
0 0x140003da4
0 0x140003da6
0 0x140003da8
0 0x140003daa
0 0x140003dac
0 0x140003dae
0 0x140003db0
0 0x140003db2
0 0x140003db4
0 0x140003db6
0 0x140003db8
0 0x140003dba
0 0x140003dbc
0 0x140003dbe
0 0x140003dc0
0 0x140003dc2
0 0x140003dc4
0 0x140003dc6
0 0x140003dc8
0 0x140003dca
0 0x140003dcc
0 0x140003dce
0 0x140003dd0
0 0x140003dd2
0 0x140003dd4
0 0x140003dd6
0 0x140003dd8
0 0x140003dda
0 0x140003ddc
0 0x140003dde
0 0x140003de0
0 0x140003de2
0 0x140003de4
0 0x140003de6
0 0x140003de8
0 0x140003dea
0 0x140003dec
0 0x140003dee
0 0x140003df0
0 0x140003df2
0 0x140003df4
0 0x140003df6
0 0x140003df8
0 0x140003dfa
0 0x140003dfc
0 0x140003dfe
0 0x140003e00
0 0x140003e02
0 0x140003e04
0 0x140003e06
0 0x140003e08
0 0x140003e0a
0 0x140003e0c
0 0x140003e0e
0 0x140003e10
0 0x140003e12
0 0x140003e14
0 0x140003e16
0 0x140003e18
0 0x140003e1a
0 0x140003e1c
0 0x140003e1e
0 0x140003e20
0 0x140003e22
0 0x140003e24
0 0x140003e26
0 0x140003e28
0 0x140003e2a
0 0x140003e2c
0 0x140003e2e
0 0x140003e30
0 0x140003e32
0 0x140003e34
0 0x140003e36
0 0x140003e38
0 0x140003e3a
0 0x140003e3c
0 0x140003e3e
0 0x140003e40
0 0x140003e42
0 0x140003e44
0 0x140003e46
0 0x140003e48
0 0x140003e4a
0 0x140003e4c
0 0x140003e4e
0 0x140003e50
0 0x140003e52
0 0x140003e54
0 0x140003e56
0 0x140003e58
0 0x140003e5a
0 0x140003e5c
0 0x140003e5e
0 0x140003e60
0 0x140003e62
0 0x140003e64
0 0x140003e66
0 0x140003e68
0 0x140003e6a
0 0x140003e6c
0 0x140003e6e
0 0x140003e70
0 0x140003e72
0 0x140003e74
0 0x140003e76
0 0x140003e78
0 0x140003e7a
0 0x140003e7c
0 0x140003e7e
0 0x140003e80
0 0x140003e82
0 0x140003e84
0 0x140003e86
0 0x140003e88
0 0x140003e8a
0 0x140003e8c
0 0x140003e8e
0 0x140003e90
0 0x140003e92
0 0x140003e94
0 0x140003e96
0 0x140003e98
0 0x140003e9a
0 0x140003e9c
0 0x140003e9e
0 0x140003ea0
0 0x140003ea2
0 0x140003ea4
0 0x140003ea6
0 0x140003ea8
0 0x140003eaa
0 0x140003eac
0 0x140003eae
0 0x140003eb0
0 0x140003eb2
0 0x140003eb4
0 0x140003eb6
0 0x140003eb8
0 0x140003eba
0 0x140003ebc
0 0x140003ebe
0 0x140003ec0
0 0x140003ec2
0 0x140003ec4
0 0x140003ec6
0 0x140003ec8
0 0x140003eca
0 0x140003ecc
0 0x140003ece
0 0x140003ed0
0 0x140003ed2
0 0x140003ed4
0 0x140003ed6
0 0x140003ed8
0 0x140003eda
0 0x140003edc
0 0x140003ede
0 0x140003ee0
0 0x140003ee2
0 0x140003ee4
0 0x140003ee6
0 0x140003ee8
0 0x140003eea
0 0x140003eec
0 0x140003eee
0 0x140003ef0
0 0x140003ef2
0 0x140003ef4
0 0x140003ef6
0 0x140003ef8
0 0x140003efa
0 0x140003efc
0 0x140003efe
0 0x140003f00
0 0x140003f02
0 0x140003f04
0 0x140003f06
0 0x140003f08
0 0x140003f0a
0 0x140003f0c
0 0x140003f0e
0 0x140003f10
0 0x140003f12
0 0x140003f14
0 0x140003f16
0 0x140003f18
0 0x140003f1a
0 0x140003f1c
0 0x140003f1e
0 0x140003f20
0 0x140003f22
0 0x140003f24
0 0x140003f26
0 0x140003f28
0 0x140003f2a
0 0x140003f2c
0 0x140003f2e
0 0x140003f30
0 0x140003f32
0 0x140003f34
0 0x140003f36
0 0x140003f38
0 0x140003f3a
0 0x140003f3c
0 0x140003f3e
0 0x140003f40
0 0x140003f42
0 0x140003f44
0 0x140003f46
0 0x140003f48
0 0x140003f4a
0 0x140003f4c
0 0x140003f4e
0 0x140003f50
0 0x140003f52
0 0x140003f54
0 0x140003f56
0 0x140003f58
0 0x140003f5a
0 0x140003f5c
0 0x140003f5e
0 0x140003f60
0 0x140003f62
0 0x140003f64
0 0x140003f66
0 0x140003f68
0 0x140003f6a
0 0x140003f6c
0 0x140003f6e
0 0x140003f70
0 0x140003f72
0 0x140003f74
0 0x140003f76
0 0x140003f78
0 0x140003f7a
0 0x140003f7c
0 0x140003f7e
0 0x140003f80
0 0x140003f82
0 0x140003f84
0 0x140003f86
0 0x140003f88
0 0x140003f8a
0 0x140003f8c
0 0x140003f8e
0 0x140003f90
0 0x140003f92
0 0x140003f94
0 0x140003f96
0 0x140003f98
0 0x140003f9a
0 0x140003f9c
0 0x140003f9e
0 0x140003fa0
0 0x140003fa2
0 0x140003fa4
0 0x140003fa6
0 0x140003fa8
0 0x140003faa
0 0x140003fac
0 0x140003fae
0 0x140003fb0
0 0x140003fb2
0 0x140003fb4
0 0x140003fb6
0 0x140003fb8
0 0x140003fba
0 0x140003fbc
0 0x140003fbe
0 0x140003fc0
0 0x140003fc2
0 0x140003fc4
0 0x140003fc6
0 0x140003fc8
0 0x140003fca
0 0x140003fcc
0 0x140003fce
0 0x140003fd0
0 0x140003fd2
0 0x140003fd4
0 0x140003fd6
0 0x140003fd8
0 0x140003fda
0 0x140003fdc
0 0x140003fde
0 0x140003fe0
0 0x140003fe2
0 0x140003fe4
0 0x140003fe6
0 0x140003fe8
0 0x140003fea
0 0x140003fec
0 0x140003fee
0 0x140003ff0
0 0x140003ff2
0 0x140003ff4
0 0x140003ff6
0 0x140003ff8
0 0x140003ffa
0 0x140003ffc
0 0x140003ffe
0 0x140004000
